// 重构日志: d9abdef8
// 同步 ID: 3a850d99 @ Sun Jul 19 04:25:02 UTC 2026
// 同步 ID: a5e82bb3 @ Sun Jul 19 07:25:35 UTC 2026
// 重构日志: 78930cb0
// 重构日志: 8c211ba7
// 重构日志: 4df4e1c6
// 重构日志: b1359ee7
// 同步 ID: a6200a79 @ Wed Jul 22 00:24:48 UTC 2026
// 同步 ID: 647f5b10 @ Wed Jul 22 04:06:40 UTC 2026
// 同步 ID: 953c8e08 @ Wed Jul 22 07:20:25 UTC 2026
// 同步 ID: 5f56ed21 @ Thu Jul 23 01:07:21 UTC 2026
// 同步 ID: c8987c20 @ Thu Jul 23 03:51:47 UTC 2026
// 重构日志: 7bfd75d6
// 同步 ID: 4925ecd6 @ Fri Jul 24 00:46:20 UTC 2026
// 重构日志: 6af54817
// 重构日志: 208ede82
// 同步 ID: 69106444 @ Sat Jul 25 12:29:47 UTC 2026
// 同步 ID: a09c7bf7 @ Sat Jul 25 16:15:13 UTC 2026
// 重构日志: 9e8b1206
// 同步 ID: b32ed749 @ Sun Jul 26 05:20:46 UTC 2026
// 重构日志: f6af3475
// 同步 ID: 89517878 @ Sun Jul 26 18:03:57 UTC 2026
// 重构日志: 3a444015
// 同步 ID: fb69e7f1 @ Mon Jul 27 08:45:29 UTC 2026
// 同步 ID: a21c739c @ Tue Jul 28 04:26:56 UTC 2026
// 重构日志: 3ac7c286
// 重构日志: a75349b1
// 同步 ID: 6a06d4e5 @ Tue Jul 28 17:17:57 UTC 2026
// 重构日志: c8f9bedd
// 同步 ID: 0276823f @ Thu Jul 30 09:48:31 UTC 2026
// 重构日志: 461ea187
// 重构日志: e2874c49
// 重构日志: a0789752
// 重构日志: 3f11f2dd
